INFO - 2024-06-27 23:16:13 --> Session: Class initialized using 'CodeIgniter\Session\Handlers\FileHandler' driver.
INFO - 2024-06-27 23:16:14 --> Session: Class initialized using 'CodeIgniter\Session\Handlers\FileHandler' driver.
INFO - 2024-06-27 23:21:37 --> Session: Class initialized using 'CodeIgniter\Session\Handlers\FileHandler' driver.
ERROR - 2024-06-27 23:21:37 --> Error connecting to the database: mysqli_sql_exception: Access denied for user 'root'@'localhost' (using password: YES) in C:\2023project\aparus3\system\Database\MySQLi\Connection.php:185
Stack trace:
#0 C:\2023project\aparus3\system\Database\MySQLi\Connection.php(185): mysqli->real_connect('localhost', 'root', 'root', 'aparus', 3306, '', 0)
#1 C:\2023project\aparus3\system\Database\BaseConnection.php(392): CodeIgniter\Database\MySQLi\Connection->connect(false)
#2 C:\2023project\aparus3\system\Database\BaseConnection.php(575): CodeIgniter\Database\BaseConnection->initialize()
#3 C:\2023project\aparus3\system\Database\BaseBuilder.php(1615): CodeIgniter\Database\BaseConnection->query('SELECT *\nFROM `...', Array, false)
#4 C:\2023project\aparus3\system\Model.php(264): CodeIgniter\Database\BaseBuilder->get()
#5 C:\2023project\aparus3\system\BaseModel.php(662): CodeIgniter\Model->doFirst()
#6 C:\2023project\aparus3\app\Controllers\Auth.php(126): CodeIgniter\BaseModel->first()
#7 C:\2023project\aparus3\system\CodeIgniter.php(942): App\Controllers\Auth->verify()
#8 C:\2023project\aparus3\system\CodeIgniter.php(502): CodeIgniter\CodeIgniter->runController(Object(App\Controllers\Auth))
#9 C:\2023project\aparus3\system\CodeIgniter.php(361): CodeIgniter\CodeIgniter->handleRequest(NULL, Object(Config\Cache), false)
#10 C:\2023project\aparus3\public\index.php(79): CodeIgniter\CodeIgniter->run()
#11 C:\2023project\aparus3\system\Commands\Server\rewrite.php(47): require_once('C:\\2023project\\...')
#12 {main}

Next CodeIgniter\Database\Exceptions\DatabaseException: Access denied for user '****'@'localhost' (using password: YES) in C:\2023project\aparus3\system\Database\MySQLi\Connection.php:229
Stack trace:
#0 C:\2023project\aparus3\system\Database\BaseConnection.php(392): CodeIgniter\Database\MySQLi\Connection->connect(false)
#1 C:\2023project\aparus3\system\Database\BaseConnection.php(575): CodeIgniter\Database\BaseConnection->initialize()
#2 C:\2023project\aparus3\system\Database\BaseBuilder.php(1615): CodeIgniter\Database\BaseConnection->query('SELECT *\nFROM `...', Array, false)
#3 C:\2023project\aparus3\system\Model.php(264): CodeIgniter\Database\BaseBuilder->get()
#4 C:\2023project\aparus3\system\BaseModel.php(662): CodeIgniter\Model->doFirst()
#5 C:\2023project\aparus3\app\Controllers\Auth.php(126): CodeIgniter\BaseModel->first()
#6 C:\2023project\aparus3\system\CodeIgniter.php(942): App\Controllers\Auth->verify()
#7 C:\2023project\aparus3\system\CodeIgniter.php(502): CodeIgniter\CodeIgniter->runController(Object(App\Controllers\Auth))
#8 C:\2023project\aparus3\system\CodeIgniter.php(361): CodeIgniter\CodeIgniter->handleRequest(NULL, Object(Config\Cache), false)
#9 C:\2023project\aparus3\public\index.php(79): CodeIgniter\CodeIgniter->run()
#10 C:\2023project\aparus3\system\Commands\Server\rewrite.php(47): require_once('C:\\2023project\\...')
#11 {main}
CRITICAL - 2024-06-27 23:21:37 --> Unable to connect to the database.
Main connection [MySQLi]: Access denied for user '****'@'localhost' (using password: YES)
in SYSTEMPATH\Database\BaseConnection.php on line 428.
 1 SYSTEMPATH\Database\BaseConnection.php(575): CodeIgniter\Database\BaseConnection->initialize()
 2 SYSTEMPATH\Database\BaseBuilder.php(1615): CodeIgniter\Database\BaseConnection->query('SELECT *
FROM `aprs_user`
WHERE `user_nick` = :user_nick:
 LIMIT 1', [...], false)
 3 SYSTEMPATH\Model.php(264): CodeIgniter\Database\BaseBuilder->get()
 4 SYSTEMPATH\BaseModel.php(662): CodeIgniter\Model->doFirst()
 5 APPPATH\Controllers\Auth.php(126): CodeIgniter\BaseModel->first()
 6 SYSTEMPATH\CodeIgniter.php(942): App\Controllers\Auth->verify()
 7 SYSTEMPATH\CodeIgniter.php(502): CodeIgniter\CodeIgniter->runController(Object(App\Controllers\Auth))
 8 SYSTEMPATH\CodeIgniter.php(361): CodeIgniter\CodeIgniter->handleRequest(null, Object(Config\Cache), false)
 9 FCPATH\index.php(79): CodeIgniter\CodeIgniter->run()
10 SYSTEMPATH\Commands\Server\rewrite.php(47): require_once('C:\\2023project\\aparus3\\public\\index.php')
INFO - 2024-06-27 23:22:05 --> Session: Class initialized using 'CodeIgniter\Session\Handlers\FileHandler' driver.
INFO - 2024-06-27 23:22:06 --> Session: Class initialized using 'CodeIgniter\Session\Handlers\FileHandler' driver.
ERROR - 2024-06-27 23:22:06 --> mysqli_sql_exception: Table 'aparus.aprs_shortcut' doesn't exist in C:\2023project\aparus3\system\Database\MySQLi\Connection.php:306
Stack trace:
#0 C:\2023project\aparus3\system\Database\MySQLi\Connection.php(306): mysqli->query('SELECT *\nFROM `...', 0)
#1 C:\2023project\aparus3\system\Database\BaseConnection.php(693): CodeIgniter\Database\MySQLi\Connection->execute('SELECT *\nFROM `...')
#2 C:\2023project\aparus3\system\Database\BaseConnection.php(607): CodeIgniter\Database\BaseConnection->simpleQuery('SELECT *\nFROM `...')
#3 C:\2023project\aparus3\system\Database\BaseBuilder.php(1615): CodeIgniter\Database\BaseConnection->query('SELECT *\nFROM `...', Array, false)
#4 C:\2023project\aparus3\system\Model.php(237): CodeIgniter\Database\BaseBuilder->get()
#5 C:\2023project\aparus3\system\BaseModel.php(624): CodeIgniter\Model->doFindAll(0, 0)
#6 C:\2023project\aparus3\app\Controllers\Shortcut.php(162): CodeIgniter\BaseModel->findAll()
#7 C:\2023project\aparus3\system\View\Cell.php(281): App\Controllers\Shortcut->loadShortcut()
#8 C:\2023project\aparus3\system\View\Cell.php(105): CodeIgniter\View\Cell->renderSimpleClass(Object(App\Controllers\Shortcut), 'loadShortcut', Array, 'App\\Controllers...')
#9 C:\2023project\aparus3\system\Common.php(1206): CodeIgniter\View\Cell->render('App\\Controllers...', Array, 0, 'AppControllersS...')
#10 C:\2023project\aparus3\app\Views\partials\topbar.php(157): view_cell('App\\Controllers...')
#11 C:\2023project\aparus3\system\View\View.php(228): include('C:\\2023project\\...')
#12 C:\2023project\aparus3\system\View\View.php(231): CodeIgniter\View\View->CodeIgniter\View\{closure}()
#13 C:\2023project\aparus3\system\View\View.php(469): CodeIgniter\View\View->render('partials/topbar', NULL, true)
#14 C:\2023project\aparus3\app\Views\partials\menu.php(1): CodeIgniter\View\View->include('partials/topbar')
#15 C:\2023project\aparus3\system\View\View.php(228): include('C:\\2023project\\...')
#16 C:\2023project\aparus3\system\View\View.php(231): CodeIgniter\View\View->CodeIgniter\View\{closure}()
#17 C:\2023project\aparus3\system\View\View.php(469): CodeIgniter\View\View->render('partials/menu', NULL, true)
#18 C:\2023project\aparus3\app\Views\dashboard.php(16): CodeIgniter\View\View->include('partials/menu')
#19 C:\2023project\aparus3\system\View\View.php(228): include('C:\\2023project\\...')
#20 C:\2023project\aparus3\system\View\View.php(231): CodeIgniter\View\View->CodeIgniter\View\{closure}()
#21 C:\2023project\aparus3\system\Common.php(1190): CodeIgniter\View\View->render('dashboard', Array, true)
#22 C:\2023project\aparus3\app\Controllers\Dashboard.php(12): view('dashboard', Array)
#23 C:\2023project\aparus3\system\CodeIgniter.php(942): App\Controllers\Dashboard->index()
#24 C:\2023project\aparus3\system\CodeIgniter.php(502): CodeIgniter\CodeIgniter->runController(Object(App\Controllers\Dashboard))
#25 C:\2023project\aparus3\system\CodeIgniter.php(361): CodeIgniter\CodeIgniter->handleRequest(NULL, Object(Config\Cache), false)
#26 C:\2023project\aparus3\public\index.php(79): CodeIgniter\CodeIgniter->run()
#27 C:\2023project\aparus3\system\Commands\Server\rewrite.php(47): require_once('C:\\2023project\\...')
#28 {main}
CRITICAL - 2024-06-27 23:22:06 --> Table 'aparus.aprs_shortcut' doesn't exist
in SYSTEMPATH\Database\BaseConnection.php on line 647.
 1 SYSTEMPATH\Database\BaseBuilder.php(1615): CodeIgniter\Database\BaseConnection->query('SELECT *
FROM `aprs_shortcut`', [], false)
 2 SYSTEMPATH\Model.php(237): CodeIgniter\Database\BaseBuilder->get()
 3 SYSTEMPATH\BaseModel.php(624): CodeIgniter\Model->doFindAll(0, 0)
 4 APPPATH\Controllers\Shortcut.php(162): CodeIgniter\BaseModel->findAll()
 5 SYSTEMPATH\View\Cell.php(281): App\Controllers\Shortcut->loadShortcut()
 6 SYSTEMPATH\View\Cell.php(105): CodeIgniter\View\Cell->renderSimpleClass(Object(App\Controllers\Shortcut), 'loadShortcut', [], 'App\\Controllers\\Shortcut')
 7 SYSTEMPATH\Common.php(1206): CodeIgniter\View\Cell->render('App\\Controllers\\Shortcut::loadShortcut', [], 0, 'AppControllersShortcutloadShortcut40cd750bba9870f18aada2478b24840a')
 8 APPPATH\Views\partials\topbar.php(157): view_cell('App\\Controllers\\Shortcut::loadShortcut')
 9 SYSTEMPATH\View\View.php(228): include('C:\\2023project\\aparus3\\app\\Views\\partials\\topbar.php')
10 SYSTEMPATH\View\View.php(231): CodeIgniter\View\View->CodeIgniter\View\{closure}()
11 SYSTEMPATH\View\View.php(469): CodeIgniter\View\View->render('partials/topbar', null, true)
12 APPPATH\Views\partials\menu.php(1): CodeIgniter\View\View->include('partials/topbar')
13 SYSTEMPATH\View\View.php(228): include('C:\\2023project\\aparus3\\app\\Views\\partials\\menu.php')
14 SYSTEMPATH\View\View.php(231): CodeIgniter\View\View->CodeIgniter\View\{closure}()
15 SYSTEMPATH\View\View.php(469): CodeIgniter\View\View->render('partials/menu', null, true)
16 APPPATH\Views\dashboard.php(16): CodeIgniter\View\View->include('partials/menu')
17 SYSTEMPATH\View\View.php(228): include('C:\\2023project\\aparus3\\app\\Views\\dashboard.php')
18 SYSTEMPATH\View\View.php(231): CodeIgniter\View\View->CodeIgniter\View\{closure}()
19 SYSTEMPATH\Common.php(1190): CodeIgniter\View\View->render('dashboard', [], true)
20 APPPATH\Controllers\Dashboard.php(12): view('dashboard', [...])
21 SYSTEMPATH\CodeIgniter.php(942): App\Controllers\Dashboard->index()
22 SYSTEMPATH\CodeIgniter.php(502): CodeIgniter\CodeIgniter->runController(Object(App\Controllers\Dashboard))
23 SYSTEMPATH\CodeIgniter.php(361): CodeIgniter\CodeIgniter->handleRequest(null, Object(Config\Cache), false)
24 FCPATH\index.php(79): CodeIgniter\CodeIgniter->run()
25 SYSTEMPATH\Commands\Server\rewrite.php(47): require_once('C:\\2023project\\aparus3\\public\\index.php')
INFO - 2024-06-27 23:45:40 --> Session: Class initialized using 'CodeIgniter\Session\Handlers\FileHandler' driver.
INFO - 2024-06-27 23:45:44 --> Session: Class initialized using 'CodeIgniter\Session\Handlers\FileHandler' driver.
INFO - 2024-06-27 23:45:49 --> Session: Class initialized using 'CodeIgniter\Session\Handlers\FileHandler' driver.
INFO - 2024-06-27 23:45:56 --> Session: Class initialized using 'CodeIgniter\Session\Handlers\FileHandler' driver.
INFO - 2024-06-27 23:46:01 --> Session: Class initialized using 'CodeIgniter\Session\Handlers\FileHandler' driver.
INFO - 2024-06-27 23:46:03 --> Session: Class initialized using 'CodeIgniter\Session\Handlers\FileHandler' driver.
INFO - 2024-06-27 23:46:10 --> Session: Class initialized using 'CodeIgniter\Session\Handlers\FileHandler' driver.
INFO - 2024-06-27 23:46:11 --> Session: Class initialized using 'CodeIgniter\Session\Handlers\FileHandler' driver.
INFO - 2024-06-27 23:46:20 --> Session: Class initialized using 'CodeIgniter\Session\Handlers\FileHandler' driver.
INFO - 2024-06-27 23:46:20 --> Session: Class initialized using 'CodeIgniter\Session\Handlers\FileHandler' driver.
INFO - 2024-06-27 23:46:28 --> Session: Class initialized using 'CodeIgniter\Session\Handlers\FileHandler' driver.
INFO - 2024-06-27 23:46:30 --> Session: Class initialized using 'CodeIgniter\Session\Handlers\FileHandler' driver.
INFO - 2024-06-27 23:46:32 --> Session: Class initialized using 'CodeIgniter\Session\Handlers\FileHandler' driver.
